mode: set
github.com/woragis/backend/email-worker/cmd/email-worker/main.go:19.13,22.15 2 0
github.com/woragis/backend/email-worker/cmd/email-worker/main.go:22.15,24.3 1 0
github.com/woragis/backend/email-worker/cmd/email-worker/main.go:25.2,31.16 4 0
github.com/woragis/backend/email-worker/cmd/email-worker/main.go:31.16,34.3 2 0
github.com/woragis/backend/email-worker/cmd/email-worker/main.go:36.2,36.25 1 0
github.com/woragis/backend/email-worker/cmd/email-worker/main.go:36.25,39.3 2 0
github.com/woragis/backend/email-worker/cmd/email-worker/main.go:41.2,46.16 4 0
github.com/woragis/backend/email-worker/cmd/email-worker/main.go:46.16,49.3 2 0
github.com/woragis/backend/email-worker/cmd/email-worker/main.go:52.2,54.16 3 0
github.com/woragis/backend/email-worker/cmd/email-worker/main.go:54.16,57.3 2 0
github.com/woragis/backend/email-worker/cmd/email-worker/main.go:58.2,70.16 4 0
github.com/woragis/backend/email-worker/cmd/email-worker/main.go:70.16,73.3 2 0
github.com/woragis/backend/email-worker/cmd/email-worker/main.go:76.2,84.12 5 0
github.com/woragis/backend/email-worker/cmd/email-worker/main.go:84.12,86.86 2 0
github.com/woragis/backend/email-worker/cmd/email-worker/main.go:86.86,88.4 1 0
github.com/woragis/backend/email-worker/cmd/email-worker/main.go:92.2,100.12 6 0
github.com/woragis/backend/email-worker/cmd/email-worker/main.go:100.12,101.79 1 0
github.com/woragis/backend/email-worker/cmd/email-worker/main.go:101.79,111.53 2 0
github.com/woragis/backend/email-worker/cmd/email-worker/main.go:111.53,119.5 2 0
github.com/woragis/backend/email-worker/cmd/email-worker/main.go:121.4,127.14 2 0
github.com/woragis/backend/email-worker/cmd/email-worker/main.go:132.2,132.9 1 0
github.com/woragis/backend/email-worker/cmd/email-worker/main.go:133.24,139.60 5 0
github.com/woragis/backend/email-worker/cmd/email-worker/main.go:139.60,141.4 1 0
github.com/woragis/backend/email-worker/cmd/email-worker/main.go:142.24,143.17 1 0
github.com/woragis/backend/email-worker/cmd/email-worker/main.go:143.17,146.4 2 0
github.com/woragis/backend/email-worker/cmd/email-worker/main.go:149.2,149.37 1 0
github.com/woragis/backend/email-worker/internal/config/config.go:20.45,23.46 3 1
github.com/woragis/backend/email-worker/internal/config/config.go:23.46,25.17 2 1
github.com/woragis/backend/email-worker/internal/config/config.go:25.17,27.4 1 1
github.com/woragis/backend/email-worker/internal/config/config.go:28.3,28.16 1 1
github.com/woragis/backend/email-worker/internal/config/config.go:31.2,43.8 5 1
github.com/woragis/backend/email-worker/internal/config/config.go:47.37,49.2 1 1
github.com/woragis/backend/email-worker/internal/config/config.go:52.39,54.2 1 1
github.com/woragis/backend/email-worker/internal/config/config.go:67.42,69.15 2 1
github.com/woragis/backend/email-worker/internal/config/config.go:69.15,71.17 2 1
github.com/woragis/backend/email-worker/internal/config/config.go:71.17,73.4 1 1
github.com/woragis/backend/email-worker/internal/config/config.go:74.3,75.21 2 1
github.com/woragis/backend/email-worker/internal/config/config.go:75.21,77.4 1 1
github.com/woragis/backend/email-worker/internal/config/config.go:78.3,79.17 2 1
github.com/woragis/backend/email-worker/internal/config/config.go:79.17,81.4 1 1
github.com/woragis/backend/email-worker/internal/config/config.go:82.3,83.17 2 1
github.com/woragis/backend/email-worker/internal/config/config.go:83.17,85.4 1 1
github.com/woragis/backend/email-worker/internal/config/config.go:86.3,87.18 2 1
github.com/woragis/backend/email-worker/internal/config/config.go:87.18,89.4 1 1
github.com/woragis/backend/email-worker/internal/config/config.go:91.3,91.40 1 1
github.com/woragis/backend/email-worker/internal/config/config.go:91.40,93.4 1 1
github.com/woragis/backend/email-worker/internal/config/config.go:94.3,94.80 1 1
github.com/woragis/backend/email-worker/internal/config/config.go:97.2,104.3 1 1
github.com/woragis/backend/email-worker/internal/config/config.go:116.38,118.21 2 1
github.com/woragis/backend/email-worker/internal/config/config.go:118.21,120.3 1 1
github.com/woragis/backend/email-worker/internal/config/config.go:121.2,122.20 2 1
github.com/woragis/backend/email-worker/internal/config/config.go:122.20,124.3 1 1
github.com/woragis/backend/email-worker/internal/config/config.go:125.2,126.22 2 1
github.com/woragis/backend/email-worker/internal/config/config.go:126.22,128.3 1 1
github.com/woragis/backend/email-worker/internal/config/config.go:129.2,130.57 2 1
github.com/woragis/backend/email-worker/internal/config/config.go:130.57,131.65 1 1
github.com/woragis/backend/email-worker/internal/config/config.go:131.65,133.4 1 1
github.com/woragis/backend/email-worker/internal/config/config.go:136.2,141.3 1 1
github.com/woragis/backend/email-worker/internal/queue/queue.go:37.53,39.16 2 0
github.com/woragis/backend/email-worker/internal/queue/queue.go:39.16,41.3 1 0
github.com/woragis/backend/email-worker/internal/queue/queue.go:43.2,44.16 2 0
github.com/woragis/backend/email-worker/internal/queue/queue.go:44.16,47.3 2 0
github.com/woragis/backend/email-worker/internal/queue/queue.go:49.2,52.8 1 0
github.com/woragis/backend/email-worker/internal/queue/queue.go:56.46,58.2 1 0
github.com/woragis/backend/email-worker/internal/queue/queue.go:61.36,62.22 1 1
github.com/woragis/backend/email-worker/internal/queue/queue.go:62.22,64.3 1 0
github.com/woragis/backend/email-worker/internal/queue/queue.go:65.2,65.19 1 1
github.com/woragis/backend/email-worker/internal/queue/queue.go:65.19,67.3 1 0
github.com/woragis/backend/email-worker/internal/queue/queue.go:68.2,68.12 1 1
github.com/woragis/backend/email-worker/internal/queue/queue.go:72.38,73.19 1 1
github.com/woragis/backend/email-worker/internal/queue/queue.go:73.19,75.3 1 1
github.com/woragis/backend/email-worker/internal/queue/queue.go:76.2,76.26 1 1
github.com/woragis/backend/email-worker/internal/queue/queue.go:80.110,90.16 1 0
github.com/woragis/backend/email-worker/internal/queue/queue.go:90.16,92.3 1 0
github.com/woragis/backend/email-worker/internal/queue/queue.go:95.2,106.16 2 0
github.com/woragis/backend/email-worker/internal/queue/queue.go:106.16,108.3 1 0
github.com/woragis/backend/email-worker/internal/queue/queue.go:111.2,117.16 1 0
github.com/woragis/backend/email-worker/internal/queue/queue.go:117.16,119.3 1 0
github.com/woragis/backend/email-worker/internal/queue/queue.go:122.2,123.66 2 0
github.com/woragis/backend/email-worker/internal/queue/queue.go:123.66,125.3 1 0
github.com/woragis/backend/email-worker/internal/queue/queue.go:127.2,133.8 1 0
github.com/woragis/backend/email-worker/internal/queue/queue.go:137.87,147.16 2 0
github.com/woragis/backend/email-worker/internal/queue/queue.go:147.16,149.3 1 0
github.com/woragis/backend/email-worker/internal/queue/queue.go:151.2,156.6 2 0
github.com/woragis/backend/email-worker/internal/queue/queue.go:156.6,157.10 1 0
github.com/woragis/backend/email-worker/internal/queue/queue.go:158.21,160.20 2 0
github.com/woragis/backend/email-worker/internal/queue/queue.go:161.26,162.11 1 0
github.com/woragis/backend/email-worker/internal/queue/queue.go:162.11,165.5 2 0
github.com/woragis/backend/email-worker/internal/queue/queue.go:168.4,169.62 2 0
github.com/woragis/backend/email-worker/internal/queue/queue.go:169.62,175.13 3 0
github.com/woragis/backend/email-worker/internal/queue/queue.go:179.4,179.44 1 0
github.com/woragis/backend/email-worker/internal/queue/queue.go:179.44,187.13 3 0
github.com/woragis/backend/email-worker/internal/queue/queue.go:191.4,191.41 1 0
github.com/woragis/backend/email-worker/internal/queue/queue.go:191.41,195.5 1 0
github.com/woragis/backend/email-worker/internal/queue/queue.go:195.10,200.5 1 0
github.com/woragis/backend/email-worker/pkg/logger/logger.go:38.35,43.2 1 1
github.com/woragis/backend/email-worker/pkg/logger/logger.go:46.48,52.61 3 1
github.com/woragis/backend/email-worker/pkg/logger/logger.go:52.61,54.29 1 0
github.com/woragis/backend/email-worker/pkg/logger/logger.go:54.29,56.5 1 0
github.com/woragis/backend/email-worker/pkg/logger/logger.go:58.4,58.30 1 0
github.com/woragis/backend/email-worker/pkg/logger/logger.go:58.30,60.5 1 0
github.com/woragis/backend/email-worker/pkg/logger/logger.go:61.4,61.12 1 0
github.com/woragis/backend/email-worker/pkg/logger/logger.go:65.2,70.36 3 1
github.com/woragis/backend/email-worker/pkg/logger/logger.go:70.36,72.19 2 0
github.com/woragis/backend/email-worker/pkg/logger/logger.go:72.19,74.4 1 0
github.com/woragis/backend/email-worker/pkg/logger/logger.go:77.3,77.51 1 0
github.com/woragis/backend/email-worker/pkg/logger/logger.go:77.51,80.4 1 0
github.com/woragis/backend/email-worker/pkg/logger/logger.go:80.9,84.18 3 0
github.com/woragis/backend/email-worker/pkg/logger/logger.go:84.18,87.5 1 0
github.com/woragis/backend/email-worker/pkg/logger/logger.go:87.10,90.5 1 0
github.com/woragis/backend/email-worker/pkg/logger/logger.go:95.2,95.18 1 1
github.com/woragis/backend/email-worker/pkg/logger/logger.go:95.18,98.3 2 1
github.com/woragis/backend/email-worker/pkg/logger/logger.go:98.8,101.3 2 1
github.com/woragis/backend/email-worker/pkg/logger/logger.go:104.2,109.26 2 1
github.com/woragis/backend/email-worker/pkg/logger/logger.go:118.75,123.54 2 0
github.com/woragis/backend/email-worker/pkg/logger/logger.go:123.54,124.49 1 0
github.com/woragis/backend/email-worker/pkg/logger/logger.go:124.49,126.4 1 0
github.com/woragis/backend/email-worker/pkg/logger/logger.go:129.2,129.33 1 0
github.com/woragis/backend/email-worker/pkg/logger/logger.go:133.71,135.2 1 1
github.com/woragis/backend/email-worker/pkg/logger/logger.go:138.45,139.55 1 1
github.com/woragis/backend/email-worker/pkg/logger/logger.go:139.55,141.3 1 1
github.com/woragis/backend/email-worker/pkg/logger/logger.go:142.2,142.11 1 1
github.com/woragis/backend/email-worker/internal/sender/smtp_sender.go:23.86,24.20 1 1
github.com/woragis/backend/email-worker/internal/sender/smtp_sender.go:24.20,26.3 1 1
github.com/woragis/backend/email-worker/internal/sender/smtp_sender.go:28.2,28.51 1 1
github.com/woragis/backend/email-worker/internal/sender/smtp_sender.go:32.67,34.18 2 1
github.com/woragis/backend/email-worker/internal/sender/smtp_sender.go:34.18,36.3 1 1
github.com/woragis/backend/email-worker/internal/sender/smtp_sender.go:38.2,67.18 15 1
github.com/woragis/backend/email-worker/internal/sender/smtp_sender.go:67.18,70.17 3 1
github.com/woragis/backend/email-worker/internal/sender/smtp_sender.go:70.17,72.4 1 1
github.com/woragis/backend/email-worker/internal/sender/smtp_sender.go:73.3,75.52 2 0
github.com/woragis/backend/email-worker/internal/sender/smtp_sender.go:75.52,77.4 1 0
github.com/woragis/backend/email-worker/internal/sender/smtp_sender.go:79.3,79.27 1 0
github.com/woragis/backend/email-worker/internal/sender/smtp_sender.go:79.27,80.44 1 0
github.com/woragis/backend/email-worker/internal/sender/smtp_sender.go:80.44,82.5 1 0
github.com/woragis/backend/email-worker/internal/sender/smtp_sender.go:85.3,85.49 1 0
github.com/woragis/backend/email-worker/internal/sender/smtp_sender.go:85.49,87.4 1 0
github.com/woragis/backend/email-worker/internal/sender/smtp_sender.go:88.3,88.45 1 0
github.com/woragis/backend/email-worker/internal/sender/smtp_sender.go:88.45,90.4 1 0
github.com/woragis/backend/email-worker/internal/sender/smtp_sender.go:92.3,93.17 2 0
github.com/woragis/backend/email-worker/internal/sender/smtp_sender.go:93.17,95.4 1 0
github.com/woragis/backend/email-worker/internal/sender/smtp_sender.go:97.3,97.58 1 0
github.com/woragis/backend/email-worker/internal/sender/smtp_sender.go:97.58,99.4 1 0
github.com/woragis/backend/email-worker/internal/sender/smtp_sender.go:101.3,101.40 1 0
github.com/woragis/backend/email-worker/internal/sender/smtp_sender.go:101.40,103.4 1 0
github.com/woragis/backend/email-worker/internal/sender/smtp_sender.go:105.3,105.23 1 0
github.com/woragis/backend/email-worker/internal/sender/smtp_sender.go:108.2,108.26 1 0
github.com/woragis/backend/email-worker/internal/sender/smtp_sender.go:108.26,110.3 1 0
github.com/woragis/backend/email-worker/internal/sender/smtp_sender.go:112.2,112.80 1 0
github.com/woragis/backend/email-worker/internal/sender/smtp_sender.go:115.78,116.16 1 1
github.com/woragis/backend/email-worker/internal/sender/smtp_sender.go:116.16,118.3 1 1
github.com/woragis/backend/email-worker/internal/sender/smtp_sender.go:120.2,131.29 11 1
github.com/woragis/backend/email-worker/internal/sender/smtp_sender.go:138.53,140.2 1 1
github.com/woragis/backend/email-worker/pkg/health/health.go:46.92,52.2 1 1
github.com/woragis/backend/email-worker/pkg/health/health.go:55.67,57.60 2 1
github.com/woragis/backend/email-worker/pkg/health/health.go:57.60,61.3 3 1
github.com/woragis/backend/email-worker/pkg/health/health.go:62.2,69.31 4 1
github.com/woragis/backend/email-worker/pkg/health/health.go:69.31,70.30 1 1
github.com/woragis/backend/email-worker/pkg/health/health.go:70.30,72.9 2 1
github.com/woragis/backend/email-worker/pkg/health/health.go:76.2,86.17 6 1
github.com/woragis/backend/email-worker/pkg/health/health.go:89.72,90.27 1 1
github.com/woragis/backend/email-worker/pkg/health/health.go:90.27,96.3 1 0
github.com/woragis/backend/email-worker/pkg/health/health.go:98.2,101.31 3 1
github.com/woragis/backend/email-worker/pkg/health/health.go:101.31,107.3 1 1
github.com/woragis/backend/email-worker/pkg/health/health.go:109.2,109.9 1 1
github.com/woragis/backend/email-worker/pkg/health/health.go:110.24,115.4 1 0
github.com/woragis/backend/email-worker/pkg/health/health.go:116.10,116.10 0 1
github.com/woragis/backend/email-worker/pkg/health/health.go:119.2,122.3 1 1
github.com/woragis/backend/email-worker/pkg/health/health.go:126.52,127.54 1 1
github.com/woragis/backend/email-worker/pkg/health/health.go:127.54,132.39 4 1
github.com/woragis/backend/email-worker/pkg/health/health.go:132.39,134.4 1 1
github.com/woragis/backend/email-worker/pkg/health/health.go:136.3,138.36 3 1
