mode: set
github.com/woragis/backend/whatsapp-worker/pkg/health/health.go:46.92,52.2 1 1
github.com/woragis/backend/whatsapp-worker/pkg/health/health.go:55.67,57.60 2 1
github.com/woragis/backend/whatsapp-worker/pkg/health/health.go:57.60,61.3 3 1
github.com/woragis/backend/whatsapp-worker/pkg/health/health.go:62.2,69.31 4 1
github.com/woragis/backend/whatsapp-worker/pkg/health/health.go:69.31,70.30 1 1
github.com/woragis/backend/whatsapp-worker/pkg/health/health.go:70.30,72.9 2 1
github.com/woragis/backend/whatsapp-worker/pkg/health/health.go:76.2,86.17 6 1
github.com/woragis/backend/whatsapp-worker/pkg/health/health.go:89.72,90.27 1 1
github.com/woragis/backend/whatsapp-worker/pkg/health/health.go:90.27,96.3 1 0
github.com/woragis/backend/whatsapp-worker/pkg/health/health.go:98.2,101.31 3 1
github.com/woragis/backend/whatsapp-worker/pkg/health/health.go:101.31,107.3 1 1
github.com/woragis/backend/whatsapp-worker/pkg/health/health.go:109.2,109.9 1 1
github.com/woragis/backend/whatsapp-worker/pkg/health/health.go:110.24,115.4 1 0
github.com/woragis/backend/whatsapp-worker/pkg/health/health.go:116.10,116.10 0 1
github.com/woragis/backend/whatsapp-worker/pkg/health/health.go:119.2,122.3 1 1
github.com/woragis/backend/whatsapp-worker/pkg/health/health.go:126.52,127.54 1 1
github.com/woragis/backend/whatsapp-worker/pkg/health/health.go:127.54,132.39 4 1
github.com/woragis/backend/whatsapp-worker/pkg/health/health.go:132.39,134.4 1 1
github.com/woragis/backend/whatsapp-worker/pkg/health/health.go:136.3,138.36 3 1
github.com/woragis/backend/whatsapp-worker/internal/queue/queue.go:35.53,37.16 2 0
github.com/woragis/backend/whatsapp-worker/internal/queue/queue.go:37.16,39.3 1 0
github.com/woragis/backend/whatsapp-worker/internal/queue/queue.go:41.2,42.16 2 0
github.com/woragis/backend/whatsapp-worker/internal/queue/queue.go:42.16,45.3 2 0
github.com/woragis/backend/whatsapp-worker/internal/queue/queue.go:47.2,50.8 1 0
github.com/woragis/backend/whatsapp-worker/internal/queue/queue.go:54.46,56.2 1 0
github.com/woragis/backend/whatsapp-worker/internal/queue/queue.go:59.36,60.22 1 1
github.com/woragis/backend/whatsapp-worker/internal/queue/queue.go:60.22,62.3 1 0
github.com/woragis/backend/whatsapp-worker/internal/queue/queue.go:63.2,63.19 1 1
github.com/woragis/backend/whatsapp-worker/internal/queue/queue.go:63.19,65.3 1 0
github.com/woragis/backend/whatsapp-worker/internal/queue/queue.go:66.2,66.12 1 1
github.com/woragis/backend/whatsapp-worker/internal/queue/queue.go:70.38,71.19 1 1
github.com/woragis/backend/whatsapp-worker/internal/queue/queue.go:71.19,73.3 1 1
github.com/woragis/backend/whatsapp-worker/internal/queue/queue.go:74.2,74.26 1 0
github.com/woragis/backend/whatsapp-worker/internal/queue/queue.go:78.110,88.16 1 0
github.com/woragis/backend/whatsapp-worker/internal/queue/queue.go:88.16,90.3 1 0
github.com/woragis/backend/whatsapp-worker/internal/queue/queue.go:93.2,104.16 2 0
github.com/woragis/backend/whatsapp-worker/internal/queue/queue.go:104.16,106.3 1 0
github.com/woragis/backend/whatsapp-worker/internal/queue/queue.go:109.2,115.16 1 0
github.com/woragis/backend/whatsapp-worker/internal/queue/queue.go:115.16,117.3 1 0
github.com/woragis/backend/whatsapp-worker/internal/queue/queue.go:120.2,121.66 2 0
github.com/woragis/backend/whatsapp-worker/internal/queue/queue.go:121.66,123.3 1 0
github.com/woragis/backend/whatsapp-worker/internal/queue/queue.go:125.2,131.8 1 0
github.com/woragis/backend/whatsapp-worker/internal/queue/queue.go:135.90,145.16 2 0
github.com/woragis/backend/whatsapp-worker/internal/queue/queue.go:145.16,147.3 1 0
github.com/woragis/backend/whatsapp-worker/internal/queue/queue.go:149.2,154.6 2 0
github.com/woragis/backend/whatsapp-worker/internal/queue/queue.go:154.6,155.10 1 0
github.com/woragis/backend/whatsapp-worker/internal/queue/queue.go:156.21,158.20 2 0
github.com/woragis/backend/whatsapp-worker/internal/queue/queue.go:159.26,160.11 1 0
github.com/woragis/backend/whatsapp-worker/internal/queue/queue.go:160.11,163.5 2 0
github.com/woragis/backend/whatsapp-worker/internal/queue/queue.go:166.4,167.62 2 0
github.com/woragis/backend/whatsapp-worker/internal/queue/queue.go:167.62,173.13 3 0
github.com/woragis/backend/whatsapp-worker/internal/queue/queue.go:177.4,177.44 1 0
github.com/woragis/backend/whatsapp-worker/internal/queue/queue.go:177.44,185.13 3 0
github.com/woragis/backend/whatsapp-worker/internal/queue/queue.go:189.4,189.41 1 0
github.com/woragis/backend/whatsapp-worker/internal/queue/queue.go:189.41,193.5 1 0
github.com/woragis/backend/whatsapp-worker/internal/queue/queue.go:193.10,198.5 1 0
github.com/woragis/backend/whatsapp-worker/internal/config/config.go:20.42,22.15 2 1
github.com/woragis/backend/whatsapp-worker/internal/config/config.go:22.15,24.17 2 1
github.com/woragis/backend/whatsapp-worker/internal/config/config.go:24.17,26.4 1 1
github.com/woragis/backend/whatsapp-worker/internal/config/config.go:27.3,28.21 2 1
github.com/woragis/backend/whatsapp-worker/internal/config/config.go:28.21,30.4 1 1
github.com/woragis/backend/whatsapp-worker/internal/config/config.go:31.3,32.17 2 1
github.com/woragis/backend/whatsapp-worker/internal/config/config.go:32.17,34.4 1 1
github.com/woragis/backend/whatsapp-worker/internal/config/config.go:35.3,36.17 2 1
github.com/woragis/backend/whatsapp-worker/internal/config/config.go:36.17,38.4 1 1
github.com/woragis/backend/whatsapp-worker/internal/config/config.go:39.3,40.18 2 1
github.com/woragis/backend/whatsapp-worker/internal/config/config.go:40.18,42.4 1 1
github.com/woragis/backend/whatsapp-worker/internal/config/config.go:44.3,44.40 1 1
github.com/woragis/backend/whatsapp-worker/internal/config/config.go:44.40,46.4 1 1
github.com/woragis/backend/whatsapp-worker/internal/config/config.go:47.3,47.80 1 1
github.com/woragis/backend/whatsapp-worker/internal/config/config.go:50.2,57.3 1 1
github.com/woragis/backend/whatsapp-worker/internal/config/config.go:69.38,71.21 2 1
github.com/woragis/backend/whatsapp-worker/internal/config/config.go:71.21,73.3 1 1
github.com/woragis/backend/whatsapp-worker/internal/config/config.go:74.2,75.20 2 1
github.com/woragis/backend/whatsapp-worker/internal/config/config.go:75.20,77.3 1 1
github.com/woragis/backend/whatsapp-worker/internal/config/config.go:78.2,79.22 2 1
github.com/woragis/backend/whatsapp-worker/internal/config/config.go:79.22,81.3 1 1
github.com/woragis/backend/whatsapp-worker/internal/config/config.go:82.2,83.60 2 1
github.com/woragis/backend/whatsapp-worker/internal/config/config.go:83.60,84.65 1 1
github.com/woragis/backend/whatsapp-worker/internal/config/config.go:84.65,86.4 1 1
github.com/woragis/backend/whatsapp-worker/internal/config/config.go:89.2,94.3 1 1
github.com/woragis/backend/whatsapp-worker/internal/config/config.go:103.42,105.23 2 1
github.com/woragis/backend/whatsapp-worker/internal/config/config.go:105.23,107.3 1 1
github.com/woragis/backend/whatsapp-worker/internal/config/config.go:109.2,111.3 1 1
github.com/woragis/backend/whatsapp-worker/internal/notifier/notifier.go:42.96,43.23 1 0
github.com/woragis/backend/whatsapp-worker/internal/notifier/notifier.go:43.23,45.3 1 0
github.com/woragis/backend/whatsapp-worker/internal/notifier/notifier.go:48.2,48.55 1 0
github.com/woragis/backend/whatsapp-worker/internal/notifier/notifier.go:48.55,50.3 1 0
github.com/woragis/backend/whatsapp-worker/internal/notifier/notifier.go:52.2,56.16 4 0
github.com/woragis/backend/whatsapp-worker/internal/notifier/notifier.go:56.16,58.3 1 0
github.com/woragis/backend/whatsapp-worker/internal/notifier/notifier.go:60.2,61.16 2 0
github.com/woragis/backend/whatsapp-worker/internal/notifier/notifier.go:61.16,63.3 1 0
github.com/woragis/backend/whatsapp-worker/internal/notifier/notifier.go:65.2,78.22 5 0
github.com/woragis/backend/whatsapp-worker/internal/notifier/notifier.go:83.64,87.17 3 0
github.com/woragis/backend/whatsapp-worker/internal/notifier/notifier.go:87.17,89.3 1 0
github.com/woragis/backend/whatsapp-worker/internal/notifier/notifier.go:91.2,91.30 1 0
github.com/woragis/backend/whatsapp-worker/internal/notifier/notifier.go:91.30,93.22 1 0
github.com/woragis/backend/whatsapp-worker/internal/notifier/notifier.go:93.22,95.4 1 0
github.com/woragis/backend/whatsapp-worker/internal/notifier/notifier.go:97.3,99.17 3 0
github.com/woragis/backend/whatsapp-worker/internal/notifier/notifier.go:99.17,101.4 1 0
github.com/woragis/backend/whatsapp-worker/internal/notifier/notifier.go:104.3,104.13 1 0
github.com/woragis/backend/whatsapp-worker/internal/notifier/notifier.go:104.13,105.28 1 0
github.com/woragis/backend/whatsapp-worker/internal/notifier/notifier.go:105.28,106.28 1 0
github.com/woragis/backend/whatsapp-worker/internal/notifier/notifier.go:106.28,112.25 4 0
github.com/woragis/backend/whatsapp-worker/internal/notifier/notifier.go:112.25,116.7 1 0
github.com/woragis/backend/whatsapp-worker/internal/notifier/notifier.go:118.6,118.88 1 0
github.com/woragis/backend/whatsapp-worker/internal/notifier/notifier.go:119.11,119.38 1 0
github.com/woragis/backend/whatsapp-worker/internal/notifier/notifier.go:119.38,128.25 7 0
github.com/woragis/backend/whatsapp-worker/internal/notifier/notifier.go:128.25,130.7 1 0
github.com/woragis/backend/whatsapp-worker/internal/notifier/notifier.go:131.11,131.38 1 0
github.com/woragis/backend/whatsapp-worker/internal/notifier/notifier.go:131.38,137.25 4 0
github.com/woragis/backend/whatsapp-worker/internal/notifier/notifier.go:137.25,139.7 1 0
github.com/woragis/backend/whatsapp-worker/internal/notifier/notifier.go:143.8,146.17 2 0
github.com/woragis/backend/whatsapp-worker/internal/notifier/notifier.go:146.17,148.4 1 0
github.com/woragis/backend/whatsapp-worker/internal/notifier/notifier.go:149.3,150.22 2 0
github.com/woragis/backend/whatsapp-worker/internal/notifier/notifier.go:150.22,152.4 1 0
github.com/woragis/backend/whatsapp-worker/internal/notifier/notifier.go:155.2,155.12 1 0
github.com/woragis/backend/whatsapp-worker/internal/notifier/notifier.go:159.42,163.21 3 0
github.com/woragis/backend/whatsapp-worker/internal/notifier/notifier.go:163.21,166.22 3 0
github.com/woragis/backend/whatsapp-worker/internal/notifier/notifier.go:166.22,168.4 1 0
github.com/woragis/backend/whatsapp-worker/internal/notifier/notifier.go:174.88,179.16 4 0
github.com/woragis/backend/whatsapp-worker/internal/notifier/notifier.go:179.16,184.3 1 0
github.com/woragis/backend/whatsapp-worker/internal/notifier/notifier.go:187.2,188.33 2 0
github.com/woragis/backend/whatsapp-worker/internal/notifier/notifier.go:188.33,190.3 1 0
github.com/woragis/backend/whatsapp-worker/internal/notifier/notifier.go:190.8,192.3 1 0
github.com/woragis/backend/whatsapp-worker/internal/notifier/notifier.go:195.2,199.16 3 0
github.com/woragis/backend/whatsapp-worker/internal/notifier/notifier.go:199.16,200.22 1 0
github.com/woragis/backend/whatsapp-worker/internal/notifier/notifier.go:200.22,204.4 1 0
github.com/woragis/backend/whatsapp-worker/internal/notifier/notifier.go:205.3,205.55 1 0
github.com/woragis/backend/whatsapp-worker/internal/notifier/notifier.go:208.2,208.21 1 0
github.com/woragis/backend/whatsapp-worker/internal/notifier/notifier.go:208.21,212.3 1 0
github.com/woragis/backend/whatsapp-worker/internal/notifier/notifier.go:214.2,214.12 1 0
github.com/woragis/backend/whatsapp-worker/internal/notifier/notifier.go:218.59,219.20 1 0
github.com/woragis/backend/whatsapp-worker/internal/notifier/notifier.go:220.25,224.22 4 0
github.com/woragis/backend/whatsapp-worker/internal/notifier/notifier.go:224.22,226.4 1 0
github.com/woragis/backend/whatsapp-worker/internal/notifier/notifier.go:227.28,231.22 4 0
github.com/woragis/backend/whatsapp-worker/internal/notifier/notifier.go:231.22,233.4 1 0
github.com/woragis/backend/whatsapp-worker/internal/notifier/notifier.go:234.25,238.22 4 0
github.com/woragis/backend/whatsapp-worker/internal/notifier/notifier.go:238.22,240.4 1 0
github.com/woragis/backend/whatsapp-worker/internal/notifier/notifier.go:245.48,249.2 3 0
github.com/woragis/backend/whatsapp-worker/internal/notifier/notifier.go:252.48,256.2 3 0
github.com/woragis/backend/whatsapp-worker/internal/notifier/notifier.go:259.50,260.22 1 0
github.com/woragis/backend/whatsapp-worker/internal/notifier/notifier.go:260.22,262.3 1 0
github.com/woragis/backend/whatsapp-worker/internal/notifier/notifier.go:263.2,263.27 1 0
github.com/woragis/backend/whatsapp-worker/cmd/whatsapp-worker/main.go:20.13,23.15 2 0
github.com/woragis/backend/whatsapp-worker/cmd/whatsapp-worker/main.go:23.15,25.3 1 0
github.com/woragis/backend/whatsapp-worker/cmd/whatsapp-worker/main.go:26.2,37.16 7 0
github.com/woragis/backend/whatsapp-worker/cmd/whatsapp-worker/main.go:37.16,40.3 2 0
github.com/woragis/backend/whatsapp-worker/cmd/whatsapp-worker/main.go:43.2,48.12 3 0
github.com/woragis/backend/whatsapp-worker/cmd/whatsapp-worker/main.go:48.12,50.55 2 0
github.com/woragis/backend/whatsapp-worker/cmd/whatsapp-worker/main.go:50.55,52.4 1 0
github.com/woragis/backend/whatsapp-worker/cmd/whatsapp-worker/main.go:52.9,54.4 1 0
github.com/woragis/backend/whatsapp-worker/cmd/whatsapp-worker/main.go:58.2,60.16 3 0
github.com/woragis/backend/whatsapp-worker/cmd/whatsapp-worker/main.go:60.16,63.3 2 0
github.com/woragis/backend/whatsapp-worker/cmd/whatsapp-worker/main.go:64.2,76.16 4 0
github.com/woragis/backend/whatsapp-worker/cmd/whatsapp-worker/main.go:76.16,79.3 2 0
github.com/woragis/backend/whatsapp-worker/cmd/whatsapp-worker/main.go:82.2,90.12 5 0
github.com/woragis/backend/whatsapp-worker/cmd/whatsapp-worker/main.go:90.12,92.86 2 0
github.com/woragis/backend/whatsapp-worker/cmd/whatsapp-worker/main.go:92.86,94.4 1 0
github.com/woragis/backend/whatsapp-worker/cmd/whatsapp-worker/main.go:98.2,103.12 4 0
github.com/woragis/backend/whatsapp-worker/cmd/whatsapp-worker/main.go:103.12,104.85 1 0
github.com/woragis/backend/whatsapp-worker/cmd/whatsapp-worker/main.go:104.85,106.34 1 0
github.com/woragis/backend/whatsapp-worker/cmd/whatsapp-worker/main.go:106.34,111.5 2 0
github.com/woragis/backend/whatsapp-worker/cmd/whatsapp-worker/main.go:114.4,114.97 1 0
github.com/woragis/backend/whatsapp-worker/cmd/whatsapp-worker/main.go:114.97,121.5 2 0
github.com/woragis/backend/whatsapp-worker/cmd/whatsapp-worker/main.go:123.4,128.14 2 0
github.com/woragis/backend/whatsapp-worker/cmd/whatsapp-worker/main.go:133.2,133.9 1 0
github.com/woragis/backend/whatsapp-worker/cmd/whatsapp-worker/main.go:134.24,141.60 6 0
github.com/woragis/backend/whatsapp-worker/cmd/whatsapp-worker/main.go:141.60,143.4 1 0
github.com/woragis/backend/whatsapp-worker/cmd/whatsapp-worker/main.go:144.24,145.17 1 0
github.com/woragis/backend/whatsapp-worker/cmd/whatsapp-worker/main.go:145.17,148.4 2 0
github.com/woragis/backend/whatsapp-worker/cmd/whatsapp-worker/main.go:151.2,151.40 1 0
github.com/woragis/backend/whatsapp-worker/pkg/logger/logger.go:38.35,43.2 1 0
github.com/woragis/backend/whatsapp-worker/pkg/logger/logger.go:46.48,52.61 3 0
github.com/woragis/backend/whatsapp-worker/pkg/logger/logger.go:52.61,54.29 1 0
github.com/woragis/backend/whatsapp-worker/pkg/logger/logger.go:54.29,56.5 1 0
github.com/woragis/backend/whatsapp-worker/pkg/logger/logger.go:58.4,58.30 1 0
github.com/woragis/backend/whatsapp-worker/pkg/logger/logger.go:58.30,60.5 1 0
github.com/woragis/backend/whatsapp-worker/pkg/logger/logger.go:61.4,61.12 1 0
github.com/woragis/backend/whatsapp-worker/pkg/logger/logger.go:65.2,70.36 3 0
github.com/woragis/backend/whatsapp-worker/pkg/logger/logger.go:70.36,72.19 2 0
github.com/woragis/backend/whatsapp-worker/pkg/logger/logger.go:72.19,74.4 1 0
github.com/woragis/backend/whatsapp-worker/pkg/logger/logger.go:77.3,77.51 1 0
github.com/woragis/backend/whatsapp-worker/pkg/logger/logger.go:77.51,80.4 1 0
github.com/woragis/backend/whatsapp-worker/pkg/logger/logger.go:80.9,84.18 3 0
github.com/woragis/backend/whatsapp-worker/pkg/logger/logger.go:84.18,87.5 1 0
github.com/woragis/backend/whatsapp-worker/pkg/logger/logger.go:87.10,90.5 1 0
github.com/woragis/backend/whatsapp-worker/pkg/logger/logger.go:95.2,95.18 1 0
github.com/woragis/backend/whatsapp-worker/pkg/logger/logger.go:95.18,98.3 2 0
github.com/woragis/backend/whatsapp-worker/pkg/logger/logger.go:98.8,101.3 2 0
github.com/woragis/backend/whatsapp-worker/pkg/logger/logger.go:104.2,109.26 2 0
github.com/woragis/backend/whatsapp-worker/pkg/logger/logger.go:118.75,123.54 2 0
github.com/woragis/backend/whatsapp-worker/pkg/logger/logger.go:123.54,124.49 1 0
github.com/woragis/backend/whatsapp-worker/pkg/logger/logger.go:124.49,126.4 1 0
github.com/woragis/backend/whatsapp-worker/pkg/logger/logger.go:129.2,129.33 1 0
github.com/woragis/backend/whatsapp-worker/pkg/logger/logger.go:133.71,135.2 1 0
github.com/woragis/backend/whatsapp-worker/pkg/logger/logger.go:138.45,139.55 1 0
github.com/woragis/backend/whatsapp-worker/pkg/logger/logger.go:139.55,141.3 1 0
github.com/woragis/backend/whatsapp-worker/pkg/logger/logger.go:142.2,142.11 1 0
